Michael@DESKTOP-5DVKS6F MINGW64 /
$ pwd
/

Michael@DESKTOP-5DVKS6F MINGW64 /
$ cd "c:/users"

Michael@DESKTOP-5DVKS6F MINGW64 /c/users
$ ls
All Users@  Default/  Default User@  desktop.ini  Michael/  Public/

Michael@DESKTOP-5DVKS6F MINGW64 /c/users
$ cd michael

Michael@DESKTOP-5DVKS6F MINGW64 /c/users/michael
$ cd documents

Michael@DESKTOP-5DVKS6F MINGW64 /c/users/michael/documents
$ cd devCodeCampProjects/

Michael@DESKTOP-5DVKS6F MINGW64 /c/users/michael/documents/devCodeCampProjects
$ cd ctory
bash: cd: ctory: No such file or directory

Michael@DESKTOP-5DVKS6F MINGW64 /c/users/michael/documents/devCodeCampProjects
$ story
bash: story: command not found

Michael@DESKTOP-5DVKS6F MINGW64 /c/users/michael/documents/devCodeCampProjects
$ cd story

Michael@DESKTOP-5DVKS6F MINGW64 /c/users/michael/documents/devCodeCampProjects/story
$ cd harr-oxo-chase/

Michael@DESKTOP-5DVKS6F MINGW64 /c/users/michael/documents/devCodeCampProjects/story/harr-oxo-chase (master)
$ ls
12-15-15 story.txt  README.md

Michael@DESKTOP-5DVKS6F MINGW64 /c/users/michael/documents/devCodeCampProjects/story/harr-oxo-chase (master)
$ git pull origin master
From https://github.com/mmueller4991/harr-oxo-chase
 * branch            master     -> FETCH_HEAD
Already up-to-date.

Michael@DESKTOP-5DVKS6F MINGW64 /c/users/michael/documents/devCodeCampProjects/story/harr-oxo-chase (master)
$ git push origin master
Counting objects: 5, done.
Delta compression using up to 4 threads.
Compressing objects: 100% (4/4), done.
Writing objects: 100% (5/5), 869 bytes | 0 bytes/s, done.
Total 5 (delta 0), reused 0 (delta 0)
To https://github.com/mmueller4991/harr-oxo-chase
   5fb9824..b1cbdf1  master -> master

Michael@DESKTOP-5DVKS6F MINGW64 /c/users/michael/documents/devCodeCampProjects/story/harr-oxo-chase (master)
$ git commit -m "commit modified file"
On branch master
Your branch is up-to-date with 'origin/master'.
Changes not staged for commit:
        modified:   12-15-15 story.txt

no changes added to commit

Michael@DESKTOP-5DVKS6F MINGW64 /c/users/michael/documents/devCodeCampProjects/story/harr-oxo-chase (master)
$ git add
Nothing specified, nothing added.
Maybe you wanted to say 'git add .'?

Michael@DESKTOP-5DVKS6F MINGW64 /c/users/michael/documents/devCodeCampProjects/story/harr-oxo-chase (master)
$ git add "12-15-15 story.txt"
warning: LF will be replaced by CRLF in 12-15-15 story.txt.
The file will have its original line endings in your working directory.

Michael@DESKTOP-5DVKS6F MINGW64 /c/users/michael/documents/devCodeCampProjects/story/harr-oxo-chase (master)
$ git commit
warning: LF will be replaced by CRLF in 12-15-15 story.txt.
The file will have its original line endings in your working directory.
warning: LF will be replaced by CRLF in 12-15-15 story.txt.
The file will have its original line endings in your working directory.
Aborting commit due to empty commit message.

Michael@DESKTOP-5DVKS6F MINGW64 /c/users/michael/documents/devCodeCampProjects/story/harr-oxo-chase (master)
$ git commit -m "modify file"
[master warning: LF will be replaced by CRLF in 12-15-15 story.txt.
The file will have its original line endings in your working directory.
warning: LF will be replaced by CRLF in 12-15-15 story.txt.
The file will have its original line endings in your working directory.
2ef5536] modify file
warning: LF will be replaced by CRLF in 12-15-15 story.txt.
The file will have its original line endings in your working directory.
 1 file changed, 9 insertions(+), 8 deletions(-)

Michael@DESKTOP-5DVKS6F MINGW64 /c/users/michael/documents/devCodeCampProjects/story/harr-oxo-chase (master)
$ git pull origin master
From https://github.com/mmueller4991/harr-oxo-chase
 * branch            master     -> FETCH_HEAD
Already up-to-date.

Michael@DESKTOP-5DVKS6F MINGW64 /c/users/michael/documents/devCodeCampProjects/story/harr-oxo-chase (master)
$ git push origin master
Counting objects: 3, done.
Delta compression using up to 4 threads.
Compressing objects: 100% (3/3), done.
Writing objects: 100% (3/3), 379 bytes | 0 bytes/s, done.
Total 3 (delta 1), reused 0 (delta 0)
To https://github.com/mmueller4991/harr-oxo-chase
   b1cbdf1..2ef5536  master -> master

Michael@DESKTOP-5DVKS6F MINGW64 /c/users/michael/documents/devCodeCampProjects/story/harr-oxo-chase (master)
